// Jest Snapshot v1, https://goo.gl/fbAQLP

exports[`Should match the snapshot. 1`] = `"<div class=\\"SideBar\\"><div class=\\"SideBar-header\\"><img alt=\\"text savvy logo\\" src=\\"/assets/images/logo.svg\\" class=\\"SideBar-logo\\"/><div class=\\"SideBar-logo-text\\">TextSavvy</div></div><div class=\\"SideBar-divider\\"></div><div></div><div class=\\"SideBar-spacing\\"></div><div class=\\"SideBar-divider-light\\"></div><div class=\\"SideBar-logout SideBar-option\\"><div class=\\"SideBar-option-logo\\"><img alt=\\"logout\\" src=\\"/assets/images/logout.svg\\" class=\\"icon\\"/></div><div class=\\"SideBar-option-text\\">Logout</div></div></div>"`;
